Archive member included to satisfy reference by file (symbol)

c:/users/whitolf/.iotlink/tools/gcc-arm-none-eabi/bin/../lib/gcc/arm-none-eabi/9.2.1/thumb/v7-m/nofp\libgcc.a(_arm_muldf3.o)
                              CMakeFiles/oled_ll.elf.dir/Core/User/example/test.c.obj (__aeabi_dmul)
c:/users/whitolf/.iotlink/tools/gcc-arm-none-eabi/bin/../lib/gcc/arm-none-eabi/9.2.1/thumb/v7-m/nofp\libgcc.a(_arm_mulsf3.o)
                              CMakeFiles/oled_ll.elf.dir/Core/User/oledlib/oled_basic.c.obj (__aeabi_fmul)
c:/users/whitolf/.iotlink/tools/gcc-arm-none-eabi/bin/../lib/gcc/arm-none-eabi/9.2.1/thumb/v7-m/nofp\libgcc.a(_arm_addsubdf3.o)
                              CMakeFiles/oled_ll.elf.dir/Core/User/oledlib/oled_basic.c.obj (__aeabi_dsub)
c:/users/whitolf/.iotlink/tools/gcc-arm-none-eabi/bin/../lib/gcc/arm-none-eabi/9.2.1/thumb/v7-m/nofp\libgcc.a(_arm_muldivdf3.o)
                              CMakeFiles/oled_ll.elf.dir/Core/User/example/test.c.obj (__aeabi_ddiv)
c:/users/whitolf/.iotlink/tools/gcc-arm-none-eabi/bin/../lib/gcc/arm-none-eabi/9.2.1/thumb/v7-m/nofp\libgcc.a(_arm_fixdfsi.o)
                              CMakeFiles/oled_ll.elf.dir/Core/User/example/test.c.obj (__aeabi_d2iz)
c:/users/whitolf/.iotlink/tools/gcc-arm-none-eabi/bin/../lib/gcc/arm-none-eabi/9.2.1/thumb/v7-m/nofp\libgcc.a(_arm_truncdfsf2.o)
                              CMakeFiles/oled_ll.elf.dir/Core/User/oledlib/oled_basic.c.obj (__aeabi_d2f)
c:/users/whitolf/.iotlink/tools/gcc-arm-none-eabi/bin/../lib/gcc/arm-none-eabi/9.2.1/thumb/v7-m/nofp\libgcc.a(_arm_addsubsf3.o)
                              CMakeFiles/oled_ll.elf.dir/Core/User/oledlib/oled_basic.c.obj (__aeabi_fadd)
c:/users/whitolf/.iotlink/tools/gcc-arm-none-eabi/bin/../lib/gcc/arm-none-eabi/9.2.1/thumb/v7-m/nofp\libgcc.a(_arm_muldivsf3.o)
                              CMakeFiles/oled_ll.elf.dir/Core/User/oledlib/oled_basic.c.obj (__aeabi_fdiv)
c:/users/whitolf/.iotlink/tools/gcc-arm-none-eabi/bin/../lib/gcc/arm-none-eabi/9.2.1/thumb/v7-m/nofp\libgcc.a(_arm_cmpsf2.o)
                              CMakeFiles/oled_ll.elf.dir/Core/User/oledlib/oled_basic.c.obj (__aeabi_fcmpeq)
c:/users/whitolf/.iotlink/tools/gcc-arm-none-eabi/bin/../lib/gcc/arm-none-eabi/9.2.1/../../../../arm-none-eabi/lib/thumb/v7-m/nofp\libg.a(lib_a-errno.o)
                              CMakeFiles/oled_ll.elf.dir/Core/Src/syscalls.c.obj (__errno)
c:/users/whitolf/.iotlink/tools/gcc-arm-none-eabi/bin/../lib/gcc/arm-none-eabi/9.2.1/../../../../arm-none-eabi/lib/thumb/v7-m/nofp\libg.a(lib_a-exit.o)
                              c:/users/whitolf/.iotlink/tools/gcc-arm-none-eabi/bin/../lib/gcc/arm-none-eabi/9.2.1/../../../../arm-none-eabi/lib/thumb/v7-m/nofp/crt0.o (exit)
c:/users/whitolf/.iotlink/tools/gcc-arm-none-eabi/bin/../lib/gcc/arm-none-eabi/9.2.1/../../../../arm-none-eabi/lib/thumb/v7-m/nofp\libg.a(lib_a-impure.o)
                              c:/users/whitolf/.iotlink/tools/gcc-arm-none-eabi/bin/../lib/gcc/arm-none-eabi/9.2.1/../../../../arm-none-eabi/lib/thumb/v7-m/nofp\libg.a(lib_a-exit.o) (_global_impure_ptr)
c:/users/whitolf/.iotlink/tools/gcc-arm-none-eabi/bin/../lib/gcc/arm-none-eabi/9.2.1/../../../../arm-none-eabi/lib/thumb/v7-m/nofp\libg.a(lib_a-init.o)
                              c:/users/whitolf/.iotlink/tools/gcc-arm-none-eabi/bin/../lib/gcc/arm-none-eabi/9.2.1/../../../../arm-none-eabi/lib/thumb/v7-m/nofp/crt0.o (__libc_init_array)
c:/users/whitolf/.iotlink/tools/gcc-arm-none-eabi/bin/../lib/gcc/arm-none-eabi/9.2.1/../../../../arm-none-eabi/lib/thumb/v7-m/nofp\libg.a(lib_a-memcpy.o)
                              CMakeFiles/oled_ll.elf.dir/Core/User/oledlib/oled_buffer.c.obj (memcpy)
c:/users/whitolf/.iotlink/tools/gcc-arm-none-eabi/bin/../lib/gcc/arm-none-eabi/9.2.1/../../../../arm-none-eabi/lib/thumb/v7-m/nofp\libg.a(lib_a-memset.o)
                              c:/users/whitolf/.iotlink/tools/gcc-arm-none-eabi/bin/../lib/gcc/arm-none-eabi/9.2.1/../../../../arm-none-eabi/lib/thumb/v7-m/nofp/crt0.o (memset)
c:/users/whitolf/.iotlink/tools/gcc-arm-none-eabi/bin/../lib/gcc/arm-none-eabi/9.2.1/../../../../arm-none-eabi/lib/thumb/v7-m/nofp\libg.a(lib_a-rand.o)
                              CMakeFiles/oled_ll.elf.dir/Core/User/example/test.c.obj (srand)
c:/users/whitolf/.iotlink/tools/gcc-arm-none-eabi/bin/../lib/gcc/arm-none-eabi/9.2.1/../../../../arm-none-eabi/lib/thumb/v7-m/nofp\libg.a(lib_a-strlen-stub.o)
                              CMakeFiles/oled_ll.elf.dir/Core/User/oledlib/oled_debug.c.obj (strlen)
c:/users/whitolf/.iotlink/tools/gcc-arm-none-eabi/bin/../lib/gcc/arm-none-eabi/9.2.1/../../../../arm-none-eabi/lib/thumb/v7-m/nofp\libg.a(lib_a-__call_atexit.o)
                              c:/users/whitolf/.iotlink/tools/gcc-arm-none-eabi/bin/../lib/gcc/arm-none-eabi/9.2.1/../../../../arm-none-eabi/lib/thumb/v7-m/nofp\libg.a(lib_a-exit.o) (__call_exitprocs)
[...]
Memory Configuration

Name             Origin             Length             Attributes
RAM              0x20000000         0x00005000         xrw
FLASH            0x08000000         0x00010000         xr
*default*        0x00000000         0xffffffff

Linker script and memory map

LOAD c:/users/whitolf/.iotlink/tools/gcc-arm-none-eabi/bin/../lib/gcc/arm-none-eabi/9.2.1/thumb/v7-m/nofp/crti.o
LOAD c:/users/whitolf/.iotlink/tools/gcc-arm-none-eabi/bin/../lib/gcc/arm-none-eabi/9.2.1/thumb/v7-m/nofp/crtbegin.o
LOAD c:/users/whitolf/.iotlink/tools/gcc-arm-none-eabi/bin/../lib/gcc/arm-none-eabi/9.2.1/../../../../arm-none-eabi/lib/thumb/v7-m/nofp/crt0.o
LOAD CMakeFiles/oled_ll.elf.dir/Core/Src/dma.c.obj
LOAD CMakeFiles/oled_ll.elf.dir/Core/Src/gpio.c.obj
LOAD CMakeFiles/oled_ll.elf.dir/Core/Src/main.c.obj
LOAD CMakeFiles/oled_ll.elf.dir/Core/Src/spi.c.obj
LOAD CMakeFiles/oled_ll.elf.dir/Core/Src/stm32f1xx_hal_msp.c.obj
LOAD CMakeFiles/oled_ll.elf.dir/Core/Src/stm32f1xx_it.c.obj
LOAD CMakeFiles/oled_ll.elf.dir/Core/Src/syscalls.c.obj
LOAD CMakeFiles/oled_ll.elf.dir/Core/Src/sysmem.c.obj
LOAD CMakeFiles/oled_ll.elf.dir/Core/Src/system_stm32f1xx.c.obj
LOAD CMakeFiles/oled_ll.elf.dir/Core/Src/usart.c.obj
LOAD CMakeFiles/oled_ll.elf.dir/Core/Startup/startup_stm32f103c8tx.s.obj
LOAD CMakeFiles/oled_ll.elf.dir/Core/User/example/oled_draw_ex_example.c.obj
LOAD CMakeFiles/oled_ll.elf.dir/Core/User/example/physical.c.obj
LOAD CMakeFiles/oled_ll.elf.dir/Core/User/example/test.c.obj
LOAD CMakeFiles/oled_ll.elf.dir/Core/User/oledlib/oled_basic.c.obj
LOAD CMakeFiles/oled_ll.elf.dir/Core/User/oledlib/oled_bmp.c.obj
LOAD CMakeFiles/oled_ll.elf.dir/Core/User/oledlib/oled_buffer.c.obj
LOAD CMakeFiles/oled_ll.elf.dir/Core/User/oledlib/oled_color.c.obj
LOAD CMakeFiles/oled_ll.elf.dir/Core/User/oledlib/oled_config.c.obj
LOAD CMakeFiles/oled_ll.elf.dir/Core/User/oledlib/oled_debug.c.obj
LOAD CMakeFiles/oled_ll.elf.dir/Core/User/oledlib/oled_draw.c.obj
LOAD CMakeFiles/oled_ll.elf.dir/Core/User/oledlib/oled_driver.c.obj
LOAD CMakeFiles/oled_ll.elf.dir/Core/User/oledlib/oled_font.c.obj
LOAD CMakeFiles/oled_ll.elf.dir/Drivers/STM32F1xx_HAL_Driver/Src/stm32f1xx_hal.c.obj
LOAD CMakeFiles/oled_ll.elf.dir/Drivers/STM32F1xx_HAL_Driver/Src/stm32f1xx_hal_cortex.c.obj
LOAD CMakeFiles/oled_ll.elf.dir/Drivers/STM32F1xx_HAL_Driver/Src/stm32f1xx_hal_dma.c.obj
LOAD CMakeFiles/oled_ll.elf.dir/Drivers/STM32F1xx_HAL_Driver/Src/stm32f1xx_hal_exti.c.obj
LOAD CMakeFiles/oled_ll.elf.dir/Drivers/STM32F1xx_HAL_Driver/Src/stm32f1xx_hal_flash.c.obj
LOAD CMakeFiles/oled_ll.elf.dir/Drivers/STM32F1xx_HAL_Driver/Src/stm32f1xx_hal_flash_ex.c.obj
LOAD CMakeFiles/oled_ll.elf.dir/Drivers/STM32F1xx_HAL_Driver/Src/stm32f1xx_hal_gpio.c.obj
LOAD CMakeFiles/oled_ll.elf.dir/Drivers/STM32F1xx_HAL_Driver/Src/stm32f1xx_hal_gpio_ex.c.obj
LOAD CMakeFiles/oled_ll.elf.dir/Drivers/STM32F1xx_HAL_Driver/Src/stm32f1xx_hal_pwr.c.obj
LOAD CMakeFiles/oled_ll.elf.dir/Drivers/STM32F1xx_HAL_Driver/Src/stm32f1xx_hal_rcc.c.obj
LOAD CMakeFiles/oled_ll.elf.dir/Drivers/STM32F1xx_HAL_Driver/Src/stm32f1xx_hal_rcc_ex.c.obj
LOAD CMakeFiles/oled_ll.elf.dir/Drivers/STM32F1xx_HAL_Driver/Src/stm32f1xx_hal_spi.c.obj
LOAD CMakeFiles/oled_ll.elf.dir/Drivers/STM32F1xx_HAL_Driver/Src/stm32f1xx_hal_tim.c.obj
LOAD CMakeFiles/oled_ll.elf.dir/Drivers/STM32F1xx_HAL_Driver/Src/stm32f1xx_hal_tim_ex.c.obj
LOAD CMakeFiles/oled_ll.elf.dir/Drivers/STM32F1xx_HAL_Driver/Src/stm32f1xx_hal_uart.c.obj
START GROUP
LOAD c:/users/whitolf/.iotlink/tools/gcc-arm-none-eabi/bin/../lib/gcc/arm-none-eabi/9.2.1/thumb/v7-m/nofp\libgcc.a
LOAD c:/users/whitolf/.iotlink/tools/gcc-arm-none-eabi/bin/../lib/gcc/arm-none-eabi/9.2.1/../../../../arm-none-eabi/lib/thumb/v7-m/nofp\libg.a
LOAD c:/users/whitolf/.iotlink/tools/gcc-arm-none-eabi/bin/../lib/gcc/arm-none-eabi/9.2.1/../../../../arm-none-eabi/lib/thumb/v7-m/nofp\libc.a
END GROUP
LOAD c:/users/whitolf/.iotlink/tools/gcc-arm-none-eabi/bin/../lib/gcc/arm-none-eabi/9.2.1/thumb/v7-m/nofp/crtend.o
LOAD c:/users/whitolf/.iotlink/tools/gcc-arm-none-eabi/bin/../lib/gcc/arm-none-eabi/9.2.1/thumb/v7-m/nofp/crtn.o
                0x20005000                _estack = (ORIGIN (RAM) + LENGTH (RAM))
                0x00000200                _Min_Heap_Size = 0x200
                0x00000400                _Min_Stack_Size = 0x400

.isr_vector     0x08000000      0x10c
                0x08000000                . = ALIGN (0x4)
 *(.isr_vector)
 .isr_vector    0x08000000      0x10c CMakeFiles/oled_ll.elf.dir/Core/Startup/startup_stm32f103c8tx.s.obj
                0x08000000                g_pfnVectors
                0x0800010c                . = ALIGN (0x4)

.text           0x0800010c     0x2040
                0x0800010c                . = ALIGN (0x4)
 *(.text)
 .text          0x0800010c       0x40 c:/users/whitolf/.iotlink/tools/gcc-arm-none-eabi/bin/../lib/gcc/arm-none-eabi/9.2.1/thumb/v7-m/nofp/crtbegin.o
 *(.text*)
 .text.MX_DMA_Init
                0x0800014c       0x44 CMakeFiles/oled_ll.elf.dir/Core/Src/dma.c.obj
                0x0800014c                MX_DMA_Init
 .text.MX_GPIO_Init
                0x08000190       0x9c CMakeFiles/oled_ll.elf.dir/Core/Src/gpio.c.obj
                0x08000190                MX_GPIO_Init
 .text.SystemClock_Config
                0x0800022c       0x52 CMakeFiles/oled_ll.elf.dir/Core/Src/main.c.obj
                0x0800022c                SystemClock_Config
 .text.main     0x0800027e       0x24 CMakeFiles/oled_ll.elf.dir/Core/Src/main.c.obj
                0x0800027e                main
 .text.HAL_UART_RxCpltCallback
                0x080002a2        0x8 CMakeFiles/oled_ll.elf.dir/Core/Src/main.c.obj
                0x080002a2                HAL_UART_RxCpltCallback
 .text.Error_Handler
                0x080002aa        0x2 CMakeFiles/oled_ll.elf.dir/Core/Src/main.c.obj
                0x080002aa                Error_Handler
 .text.MX_SPI1_Init
                0x080002ac       0x44 CMakeFiles/oled_ll.elf.dir/Core/Src/spi.c.obj
                0x080002ac                MX_SPI1_Init
 .text.HAL_SPI_MspInit
                0x080002f0       0x74 CMakeFiles/oled_ll.elf.dir/Core/Src/spi.c.obj
                0x080002f0                HAL_SPI_MspInit
 .text.HAL_MspInit
                0x08000364       0x44 CMakeFiles/oled_ll.elf.dir/Core/Src/stm32f1xx_hal_msp.c.obj
                0x08000364                HAL_MspInit
 .text.NMI_Handler
                0x080003a8        0x2 CMakeFiles/oled_ll.elf.dir/Core/Src/stm32f1xx_it.c.obj
                0x080003a8                NMI_Handler
 .text.HardFault_Handler
                0x080003aa        0x2 CMakeFiles/oled_ll.elf.dir/Core/Src/stm32f1xx_it.c.obj
                0x080003aa                HardFault_Handler
 .text.MemManage_Handler
                0x080003ac        0x2 CMakeFiles/oled_ll.elf.dir/Core/Src/stm32f1xx_it.c.obj
                0x080003ac                MemManage_Handler
 .text.BusFault_Handler
                0x080003ae        0x2 CMakeFiles/oled_ll.elf.dir/Core/Src/stm32f1xx_it.c.obj
                0x080003ae                BusFault_Handler
 .text.UsageFault_Handler
                0x080003b0        0x2 CMakeFiles/oled_ll.elf.dir/Core/Src/stm32f1xx_it.c.obj
                0x080003b0                UsageFault_Handler
 .text.SVC_Handler
                0x080003b2        0x2 CMakeFiles/oled_ll.elf.dir/Core/Src/stm32f1xx_it.c.obj
                0x080003b2                SVC_Handler
 .text.DebugMon_Handler
                0x080003b4        0x2 CMakeFiles/oled_ll.elf.dir/Core/Src/stm32f1xx_it.c.obj
                0x080003b4                DebugMon_Handler
 .text.PendSV_Handler
                0x080003b6        0x2 CMakeFiles/oled_ll.elf.dir/Core/Src/stm32f1xx_it.c.obj
                0x080003b6                PendSV_Handler
 .text.SysTick_Handler
                0x080003b8        0x8 CMakeFiles/oled_ll.elf.dir/Core/Src/stm32f1xx_it.c.obj
                0x080003b8                SysTick_Handler
 .text.DMA1_Channel4_IRQHandler
                0x080003c0       0x10 CMakeFiles/oled_ll.elf.dir/Core/Src/stm32f1xx_it.c.obj
                0x080003c0                DMA1_Channel4_IRQHandler
 .text.DMA1_Channel5_IRQHandler
                0x080003d0       0x10 CMakeFiles/oled_ll.elf.dir/Core/Src/stm32f1xx_it.c.obj
                0x080003d0                DMA1_Channel5_IRQHandler
 .text.USART1_IRQHandler
                0x080003e0       0x10 CMakeFiles/oled_ll.elf.dir/Core/Src/stm32f1xx_it.c.obj
                0x080003e0                USART1_IRQHandler
 .text.SystemInit
                0x080003f0        0x2 CMakeFiles/oled_ll.elf.dir/Core/Src/system_stm32f1xx.c.obj
                0x080003f0                SystemInit
 *fill*         0x080003f2        0x2 
 .text.MX_USART1_UART_Init
                0x080003f4       0x38 CMakeFiles/oled_ll.elf.dir/Core/Src/usart.c.obj
                0x080003f4                MX_USART1_UART_Init
 .text.HAL_UART_MspInit
                0x0800042c       0xf0 CMakeFiles/oled_ll.elf.dir/Core/Src/usart.c.obj
                0x0800042c                HAL_UART_MspInit
 .text.Reset_Handler
                0x0800051c       0x48 CMakeFiles/oled_ll.elf.dir/Core/Startup/startup_stm32f103c8tx.s.obj
                0x0800051c                Reset_Handler
 .text.Default_Handler
                0x08000564        0x2 CMakeFiles/oled_ll.elf.dir/Core/Startup/startup_stm32f103c8tx.s.obj
                0x08000564                RTC_Alarm_IRQHandler
                0x08000564                EXTI2_IRQHandler
                0x08000564                TIM1_CC_IRQHandler
                0x08000564                PVD_IRQHandler
                0x08000564                EXTI3_IRQHandler
                0x08000564                EXTI0_IRQHandler
                0x08000564                I2C2_EV_IRQHandler
                0x08000564                ADC1_2_IRQHandler
                0x08000564                SPI1_IRQHandler
                0x08000564                TAMPER_IRQHandler
                0x08000564                USART3_IRQHandler
                0x08000564                RTC_IRQHandler
                0x08000564                DMA1_Channel7_IRQHandler
                0x08000564                CAN1_RX1_IRQHandler
                0x08000564                TIM4_IRQHandler
                0x08000564                I2C1_EV_IRQHandler
                0x08000564                DMA1_Channel6_IRQHandler
                0x08000564                TIM3_IRQHandler
                0x08000564                RCC_IRQHandler
                0x08000564                TIM1_TRG_COM_IRQHandler
                0x08000564                DMA1_Channel1_IRQHandler
                0x08000564                Default_Handler
                0x08000564                EXTI15_10_IRQHandler
                0x08000564                EXTI9_5_IRQHandler
                0x08000564                SPI2_IRQHandler
                0x08000564                EXTI4_IRQHandler
                0x08000564                USB_LP_CAN1_RX0_IRQHandler
                0x08000564                USB_HP_CAN1_TX_IRQHandler
                0x08000564                DMA1_Channel3_IRQHandler
                0x08000564                TIM1_UP_IRQHandler
                0x08000564                WWDG_IRQHandler
                0x08000564                TIM2_IRQHandler
                0x08000564                TIM1_BRK_IRQHandler
                0x08000564                EXTI1_IRQHandler
                0x08000564                USART2_IRQHandler
                0x08000564                I2C2_ER_IRQHandler
                0x08000564                DMA1_Channel2_IRQHandler
                0x08000564                CAN1_SCE_IRQHandler
                0x08000564                FLASH_IRQHandler
                0x08000564                I2C1_ER_IRQHandler
                0x08000564                USBWakeUp_IRQHandler
 *fill*         0x08000566        0x2 
 .text.badapple_init
                0x08000568       0x18 CMakeFiles/oled_ll.elf.dir/Core/User/example/test.c.obj
                0x08000568                badapple_init
 .text.badapple
                0x08000580       0x38 CMakeFiles/oled_ll.elf.dir/Core/User/example/test.c.obj
                0x08000580                badapple
 .text.InitGraph
                0x080005b8        0x8 CMakeFiles/oled_ll.elf.dir/Core/User/oledlib/oled_basic.c.obj
                0x080005b8                InitGraph
 .text.ClearScreen
                0x080005c0        0xa CMakeFiles/oled_ll.elf.dir/Core/User/oledlib/oled_basic.c.obj
                0x080005c0                ClearScreen
 .text.UpdateScreen
                0x080005ca        0x8 CMakeFiles/oled_ll.elf.dir/Core/User/oledlib/oled_basic.c.obj
                0x080005ca                UpdateScreen
 .text.pgm_read_byte
                0x080005d2        0x4 CMakeFiles/oled_ll.elf.dir/Core/User/oledlib/oled_basic.c.obj
                0x080005d2                pgm_read_byte
 *fill*         0x080005d6        0x2 
 .text.ReadByteBuffer
                0x080005d8       0x28 CMakeFiles/oled_ll.elf.dir/Core/User/oledlib/oled_buffer.c.obj
                0x080005d8                ReadByteBuffer
 .text.WriteByteBuffer
                0x08000600       0x28 CMakeFiles/oled_ll.elf.dir/Core/User/oledlib/oled_buffer.c.obj
                0x08000600                WriteByteBuffer
 .text.UpdateScreenDisplay
                0x08000628        0x8 CMakeFiles/oled_ll.elf.dir/Core/User/oledlib/oled_buffer.c.obj
                0x08000628                UpdateScreenDisplay
 .text.ClearScreenBuffer
                0x08000630       0x14 CMakeFiles/oled_ll.elf.dir/Core/User/oledlib/oled_buffer.c.obj
                0x08000630                ClearScreenBuffer
 .text.GetDrawColor
                0x08000644        0xc CMakeFiles/oled_ll.elf.dir/Core/User/oledlib/oled_color.c.obj
                0x08000644                GetDrawColor
 .text.DriverInit
                0x08000650        0xc CMakeFiles/oled_ll.elf.dir/Core/User/oledlib/oled_config.c.obj
                0x08000650                DriverInit
 .text.UpdateScreenBuffer
                0x0800065c       0x10 CMakeFiles/oled_ll.elf.dir/Core/User/oledlib/oled_config.c.obj
                0x0800065c                UpdateScreenBuffer
 .text.DrawBitmap
                0x0800066c      0x1da CMakeFiles/oled_ll.elf.dir/Core/User/oledlib/oled_draw.c.obj
                0x0800066c                DrawBitmap
 *fill*         0x08000846        0x2 
 .text.OLED_RESET_LOW
                0x08000848       0x14 CMakeFiles/oled_ll.elf.dir/Core/User/oledlib/oled_driver.c.obj
                0x08000848                OLED_RESET_LOW
 .text.OLED_RESET_HIGH
                0x0800085c       0x14 CMakeFiles/oled_ll.elf.dir/Core/User/oledlib/oled_driver.c.obj
                0x0800085c                OLED_RESET_HIGH
 .text.OLED_CMD_MODE
                0x08000870       0x14 CMakeFiles/oled_ll.elf.dir/Core/User/oledlib/oled_driver.c.obj
                0x08000870                OLED_CMD_MODE
 .text.OLED_DATA_MODE
                0x08000884       0x14 CMakeFiles/oled_ll.elf.dir/Core/User/oledlib/oled_driver.c.obj
                0x08000884                OLED_DATA_MODE
 .text.OLED_CS_HIGH
                0x08000898       0x14 CMakeFiles/oled_ll.elf.dir/Core/User/oledlib/oled_driver.c.obj
                0x08000898                OLED_CS_HIGH
 .text.OLED_CS_LOW
                0x080008ac       0x14 CMakeFiles/oled_ll.elf.dir/Core/User/oledlib/oled_driver.c.obj
                0x080008ac                OLED_CS_LOW
 .text.SPI_Configuration
                0x080008c0       0x1c CMakeFiles/oled_ll.elf.dir/Core/User/oledlib/oled_driver.c.obj
                0x080008c0                SPI_Configuration
 .text.SPI_WriterByte
                0x080008dc       0x20 CMakeFiles/oled_ll.elf.dir/Core/User/oledlib/oled_driver.c.obj
                0x080008dc                SPI_WriterByte
 .text.WriteCmd
                0x080008fc       0x1c CMakeFiles/oled_ll.elf.dir/Core/User/oledlib/oled_driver.c.obj
                0x080008fc                WriteCmd
 .text.WriteDat
                0x08000918       0x1c CMakeFiles/oled_ll.elf.dir/Core/User/oledlib/oled_driver.c.obj
                0x08000918                WriteDat
 .text.OLED_FILL
                0x08000934       0x3e CMakeFiles/oled_ll.elf.dir/Core/User/oledlib/oled_driver.c.obj
                0x08000934                OLED_FILL
 .text.OLED_CLS
                0x08000972       0x3a CMakeFiles/oled_ll.elf.dir/Core/User/oledlib/oled_driver.c.obj
                0x08000972                OLED_CLS
 .text.OLED_Init
                0x080009ac       0xb0 CMakeFiles/oled_ll.elf.dir/Core/User/oledlib/oled_driver.c.obj
                0x080009ac                OLED_Init
 .text.HAL_InitTick
                0x08000a5c       0x4c CMakeFiles/oled_ll.elf.dir/Drivers/STM32F1xx_HAL_Driver/Src/stm32f1xx_hal.c.obj
                0x08000a5c                HAL_InitTick
 .text.HAL_Init
                0x08000aa8       0x24 CMakeFiles/oled_ll.elf.dir/Drivers/STM32F1xx_HAL_Driver/Src/stm32f1xx_hal.c.obj
                0x08000aa8                HAL_Init
 .text.HAL_IncTick
                0x08000acc       0x18 CMakeFiles/oled_ll.elf.dir/Drivers/STM32F1xx_HAL_Driver/Src/stm32f1xx_hal.c.obj
                0x08000acc                HAL_IncTick
 .text.HAL_GetTick
                0x08000ae4        0xc CMakeFiles/oled_ll.elf.dir/Drivers/STM32F1xx_HAL_Driver/Src/stm32f1xx_hal.c.obj
                0x08000ae4                HAL_GetTick
 .text.HAL_Delay
                0x08000af0       0x28 CMakeFiles/oled_ll.elf.dir/Drivers/STM32F1xx_HAL_Driver/Src/stm32f1xx_hal.c.obj
                0x08000af0                HAL_Delay
 .text.HAL_NVIC_SetPriorityGrouping
                0x08000b18       0x24 CMakeFiles/oled_ll.elf.dir/Drivers/STM32F1xx_HAL_Driver/Src/stm32f1xx_hal_cortex.c.obj
                0x08000b18                HAL_NVIC_SetPriorityGrouping
 .text.HAL_NVIC_SetPriority
                0x08000b3c       0x68 CMakeFiles/oled_ll.elf.dir/Drivers/STM32F1xx_HAL_Driver/Src/stm32f1xx_hal_cortex.c.obj
                0x08000b3c                HAL_NVIC_SetPriority
 .text.HAL_NVIC_EnableIRQ
                0x08000ba4       0x1c CMakeFiles/oled_ll.elf.dir/Drivers/STM32F1xx_HAL_Driver/Src/stm32f1xx_hal_cortex.c.obj
                0x08000ba4                HAL_NVIC_EnableIRQ
 .text.HAL_SYSTICK_Config
                0x08000bc0       0x2c CMakeFiles/oled_ll.elf.dir/Drivers/STM32F1xx_HAL_Driver/Src/stm32f1xx_hal_cortex.c.obj
                0x08000bc0                HAL_SYSTICK_Config
 .text.DMA_SetConfig
                0x08000bec       0x2c CMakeFiles/oled_ll.elf.dir/Drivers/STM32F1xx_HAL_Driver/Src/stm32f1xx_hal_dma.c.obj
 .text.HAL_DMA_Init
                0x08000c18       0x6c CMakeFiles/oled_ll.elf.dir/Drivers/STM32F1xx_HAL_Driver/Src/stm32f1xx_hal_dma.c.obj
                0x08000c18                HAL_DMA_Init
 .text.HAL_DMA_Start_IT
                0x08000c84       0x74 CMakeFiles/oled_ll.elf.dir/Drivers/STM32F1xx_HAL_Driver/Src/stm32f1xx_hal_dma.c.obj
                0x08000c84                HAL_DMA_Start_IT
 .text.HAL_DMA_Abort_IT
                0x08000cf8       0x98 CMakeFiles/oled_ll.elf.dir/Drivers/STM32F1xx_HAL_Driver/Src/stm32f1xx_hal_dma.c.obj
                0x08000cf8                HAL_DMA_Abort_IT
 .text.HAL_DMA_IRQHandler
                0x08000d90      0x144 CMakeFiles/oled_ll.elf.dir/Drivers/STM32F1xx_HAL_Driver/Src/stm32f1xx_hal_dma.c.obj
                0x08000d90                HAL_DMA_IRQHandler
 .text.HAL_GPIO_Init
                0x08000ed4      0x220 CMakeFiles/oled_ll.elf.dir/Drivers/STM32F1xx_HAL_Driver/Src/stm32f1xx_hal_gpio.c.obj
                0x08000ed4                HAL_GPIO_Init
 .text.HAL_GPIO_WritePin
                0x080010f4        0xc CMakeFiles/oled_ll.elf.dir/Drivers/STM32F1xx_HAL_Driver/Src/stm32f1xx_hal_gpio.c.obj
                0x080010f4                HAL_GPIO_WritePin
 .text.RCC_Delay
                0x08001100       0x2c CMakeFiles/oled_ll.elf.dir/Drivers/STM32F1xx_HAL_Driver/Src/stm32f1xx_hal_rcc.c.obj
 .text.HAL_RCC_OscConfig
                0x0800112c      0x410 CMakeFiles/oled_ll.elf.dir/Drivers/STM32F1xx_HAL_Driver/Src/stm32f1xx_hal_rcc.c.obj
                0x0800112c                HAL_RCC_OscConfig
 .text.HAL_RCC_GetSysClockFreq
                0x0800153c       0x6c CMakeFiles/oled_ll.elf.dir/Drivers/STM32F1xx_HAL_Driver/Src/stm32f1xx_hal_rcc.c.obj
                0x0800153c                HAL_RCC_GetSysClockFreq
 .text.HAL_RCC_ClockConfig
                0x080015a8      0x16c CMakeFiles/oled_ll.elf.dir/Drivers/STM32F1xx_HAL_Driver/Src/stm32f1xx_hal_rcc.c.obj
                0x080015a8                HAL_RCC_ClockConfig
 .text.HAL_RCC_GetHCLKFreq
                0x08001714        0xc CMakeFiles/oled_ll.elf.dir/Drivers/STM32F1xx_HAL_Driver/Src/stm32f1xx_hal_rcc.c.obj
                0x08001714                HAL_RCC_GetHCLKFreq
 .text.HAL_RCC_GetPCLK1Freq
                0x08001720       0x20 CMakeFiles/oled_ll.elf.dir/Drivers/STM32F1xx_HAL_Driver/Src/stm32f1xx_hal_rcc.c.obj
                0x08001720                HAL_RCC_GetPCLK1Freq
 .text.HAL_RCC_GetPCLK2Freq
                0x08001740       0x20 CMakeFiles/oled_ll.elf.dir/Drivers/STM32F1xx_HAL_Driver/Src/stm32f1xx_hal_rcc.c.obj
                0x08001740                HAL_RCC_GetPCLK2Freq
 .text.SPI_WaitFlagStateUntilTimeout
                0x08001760       0xd0 CMakeFiles/oled_ll.elf.dir/Drivers/STM32F1xx_HAL_Driver/Src/stm32f1xx_hal_spi.c.obj
 .text.SPI_EndRxTxTransaction
                0x08001830       0x24 CMakeFiles/oled_ll.elf.dir/Drivers/STM32F1xx_HAL_Driver/Src/stm32f1xx_hal_spi.c.obj
 .text.HAL_SPI_Init
                0x08001854       0xb6 CMakeFiles/oled_ll.elf.dir/Drivers/STM32F1xx_HAL_Driver/Src/stm32f1xx_hal_spi.c.obj
                0x08001854                HAL_SPI_Init
 .text.HAL_SPI_Transmit
                0x0800190a      0x1ae CMakeFiles/oled_ll.elf.dir/Drivers/STM32F1xx_HAL_Driver/Src/stm32f1xx_hal_spi.c.obj
                0x0800190a                HAL_SPI_Transmit
 .text.UART_EndTxTransfer
                0x08001ab8       0x12 CMakeFiles/oled_ll.elf.dir/Drivers/STM32F1xx_HAL_Driver/Src/stm32f1xx_hal_uart.c.obj
 .text.UART_EndRxTransfer
                0x08001aca       0x1c CMakeFiles/oled_ll.elf.dir/Drivers/STM32F1xx_HAL_Driver/Src/stm32f1xx_hal_uart.c.obj
 .text.UART_Transmit_IT
                0x08001ae6       0x60 CMakeFiles/oled_ll.elf.dir/Drivers/STM32F1xx_HAL_Driver/Src/stm32f1xx_hal_uart.c.obj
 *fill*         0x08001b46        0x2 
 .text.UART_SetConfig
                0x08001b48       0x90 CMakeFiles/oled_ll.elf.dir/Drivers/STM32F1xx_HAL_Driver/Src/stm32f1xx_hal_uart.c.obj
 .text.HAL_UART_Init
                0x08001bd8       0x5e CMakeFiles/oled_ll.elf.dir/Drivers/STM32F1xx_HAL_Driver/Src/stm32f1xx_hal_uart.c.obj
                0x08001bd8                HAL_UART_Init
 *fill*         0x08001c36        0x2 
 .text.HAL_UART_Receive_DMA
                0x08001c38       0xa8 CMakeFiles/oled_ll.elf.dir/Drivers/STM32F1xx_HAL_Driver/Src/stm32f1xx_hal_uart.c.obj
                0x08001c38                HAL_UART_Receive_DMA
 .text.HAL_UART_TxCpltCallback
                0x08001ce0        0x2 CMakeFiles/oled_ll.elf.dir/Drivers/STM32F1xx_HAL_Driver/Src/stm32f1xx_hal_uart.c.obj
                0x08001ce0                HAL_UART_TxCpltCallback
 .text.UART_EndTransmit_IT
                0x08001ce2       0x1a CMakeFiles/oled_ll.elf.dir/Drivers/STM32F1xx_HAL_Driver/Src/stm32f1xx_hal_uart.c.obj
 .text.UART_DMAReceiveCplt
                0x08001cfc       0x3e CMakeFiles/oled_ll.elf.dir/Drivers/STM32F1xx_HAL_Driver/Src/stm32f1xx_hal_uart.c.obj
 .text.UART_Receive_IT
                0x08001d3a       0x94 CMakeFiles/oled_ll.elf.dir/Drivers/STM32F1xx_HAL_Driver/Src/stm32f1xx_hal_uart.c.obj
 .text.HAL_UART_RxHalfCpltCallback
                0x08001dce        0x2 CMakeFiles/oled_ll.elf.dir/Drivers/STM32F1xx_HAL_Driver/Src/stm32f1xx_hal_uart.c.obj
                0x08001dce                HAL_UART_RxHalfCpltCallback
 .text.UART_DMARxHalfCplt
                0x08001dd0        0xa CMakeFiles/oled_ll.elf.dir/Drivers/STM32F1xx_HAL_Driver/Src/stm32f1xx_hal_uart.c.obj
 .text.HAL_UART_ErrorCallback
                0x08001dda        0x2 CMakeFiles/oled_ll.elf.dir/Drivers/STM32F1xx_HAL_Driver/Src/stm32f1xx_hal_uart.c.obj
                0x08001dda                HAL_UART_ErrorCallback
 .text.UART_DMAError
                0x08001ddc       0x58 CMakeFiles/oled_ll.elf.dir/Drivers/STM32F1xx_HAL_Driver/Src/stm32f1xx_hal_uart.c.obj
 .text.HAL_UART_IRQHandler
                0x08001e34      0x128 CMakeFiles/oled_ll.elf.dir/Drivers/STM32F1xx_HAL_Driver/Src/stm32f1xx_hal_uart.c.obj
                0x08001e34                HAL_UART_IRQHandler
 .text.UART_DMAAbortOnError
                0x08001f5c       0x10 CMakeFiles/oled_ll.elf.dir/Drivers/STM32F1xx_HAL_Driver/Src/stm32f1xx_hal_uart.c.obj
 .text.__libc_init_array
                0x08001f6c       0x48 c:/users/whitolf/.iotlink/tools/gcc-arm-none-eabi/bin/../lib/gcc/arm-none-eabi/9.2.1/../../../../arm-none-eabi/lib/thumb/v7-m/nofp\libg.a(lib_a-init.o)
                0x08001f6c                __libc_init_array
 .text.memset   0x08001fb4       0xa0 c:/users/whitolf/.iotlink/tools/gcc-arm-none-eabi/bin/../lib/gcc/arm-none-eabi/9.2.1/../../../../arm-none-eabi/lib/thumb/v7-m/nofp\libg.a(lib_a-memset.o)
                0x08001fb4                memset
 .text.startup.register_fini
                0x08002054       0x14 c:/users/whitolf/.iotlink/tools/gcc-arm-none-eabi/bin/../lib/gcc/arm-none-eabi/9.2.1/../../../../arm-none-eabi/lib/thumb/v7-m/nofp\libg.a(lib_a-__call_atexit.o)
 .text.atexit   0x08002068        0xc c:/users/whitolf/.iotlink/tools/gcc-arm-none-eabi/bin/../lib/gcc/arm-none-eabi/9.2.1/../../../../arm-none-eabi/lib/thumb/v7-m/nofp\libg.a(lib_a-atexit.o)
                0x08002068                atexit
 .text.__libc_fini_array
                0x08002074       0x2c c:/users/whitolf/.iotlink/tools/gcc-arm-none-eabi/bin/../lib/gcc/arm-none-eabi/9.2.1/../../../../arm-none-eabi/lib/thumb/v7-m/nofp\libg.a(lib_a-fini.o)
                0x08002074                __libc_fini_array
 .text.__retarget_lock_acquire_recursive
                0x080020a0        0x4 c:/users/whitolf/.iotlink/tools/gcc-arm-none-eabi/bin/../lib/gcc/arm-none-eabi/9.2.1/../../../../arm-none-eabi/lib/thumb/v7-m/nofp\libg.a(lib_a-lock.o)
                0x080020a0                __retarget_lock_acquire_recursive
 .text.__retarget_lock_release_recursive
                0x080020a4        0x4 c:/users/whitolf/.iotlink/tools/gcc-arm-none-eabi/bin/../lib/gcc/arm-none-eabi/9.2.1/../../../../arm-none-eabi/lib/thumb/v7-m/nofp\libg.a(lib_a-lock.o)
                0x080020a4                __retarget_lock_release_recursive
 .text.__register_exitproc
                0x080020a8       0x8c c:/users/whitolf/.iotlink/tools/gcc-arm-none-eabi/bin/../lib/gcc/arm-none-eabi/9.2.1/../../../../arm-none-eabi/lib/thumb/v7-m/nofp\libg.a(lib_a-__atexit.o)
                0x080020a8                __register_exitproc
 *(.glue_7)
 .glue_7        0x08002134        0x0 linker stubs
 *(.glue_7t)
 .glue_7t       0x08002134        0x0 linker stubs
 *(.eh_frame)
 .eh_frame      0x08002134        0x0 c:/users/whitolf/.iotlink/tools/gcc-arm-none-eabi/bin/../lib/gcc/arm-none-eabi/9.2.1/thumb/v7-m/nofp/crtbegin.o
 *(.init)
 .init          0x08002134        0x4 c:/users/whitolf/.iotlink/tools/gcc-arm-none-eabi/bin/../lib/gcc/arm-none-eabi/9.2.1/thumb/v7-m/nofp/crti.o
                0x08002134                _init
 .init          0x08002138        0x8 c:/users/whitolf/.iotlink/tools/gcc-arm-none-eabi/bin/../lib/gcc/arm-none-eabi/9.2.1/thumb/v7-m/nofp/crtn.o
 *(.fini)
 .fini          0x08002140        0x4 c:/users/whitolf/.iotlink/tools/gcc-arm-none-eabi/bin/../lib/gcc/arm-none-eabi/9.2.1/thumb/v7-m/nofp/crti.o
                0x08002140                _fini
 .fini          0x08002144        0x8 c:/users/whitolf/.iotlink/tools/gcc-arm-none-eabi/bin/../lib/gcc/arm-none-eabi/9.2.1/thumb/v7-m/nofp/crtn.o
                0x0800214c                . = ALIGN (0x4)
                0x0800214c                _etext = .

.vfp11_veneer   0x0800214c        0x0
 .vfp11_veneer  0x0800214c        0x0 linker stubs

.v4_bx          0x0800214c        0x0
 .v4_bx         0x0800214c        0x0 linker stubs

.iplt           0x0800214c        0x0
 .iplt          0x0800214c        0x0 c:/users/whitolf/.iotlink/tools/gcc-arm-none-eabi/bin/../lib/gcc/arm-none-eabi/9.2.1/thumb/v7-m/nofp/crtbegin.o

.rodata         0x0800214c       0x30
                0x0800214c                . = ALIGN (0x4)
 *(.rodata)
 *(.rodata*)
 .rodata.AHBPrescTable
                0x0800214c       0x10 CMakeFiles/oled_ll.elf.dir/Core/Src/system_stm32f1xx.c.obj
                0x0800214c                AHBPrescTable
 .rodata.APBPrescTable
                0x0800215c        0x8 CMakeFiles/oled_ll.elf.dir/Core/Src/system_stm32f1xx.c.obj
                0x0800215c                APBPrescTable
 .rodata.HAL_RCC_GetSysClockFreq.str1.4
                0x08002164       0x11 CMakeFiles/oled_ll.elf.dir/Drivers/STM32F1xx_HAL_Driver/Src/stm32f1xx_hal_rcc.c.obj
 *fill*         0x08002175        0x3 
 .rodata._global_impure_ptr
                0x08002178        0x4 c:/users/whitolf/.iotlink/tools/gcc-arm-none-eabi/bin/../lib/gcc/arm-none-eabi/9.2.1/../../../../arm-none-eabi/lib/thumb/v7-m/nofp\libg.a(lib_a-impure.o)
                0x08002178                _global_impure_ptr
                0x0800217c                . = ALIGN (0x4)

.rel.dyn        0x0800217c        0x0
 .rel.iplt      0x0800217c        0x0 c:/users/whitolf/.iotlink/tools/gcc-arm-none-eabi/bin/../lib/gcc/arm-none-eabi/9.2.1/thumb/v7-m/nofp/crtbegin.o

.ARM.extab      0x0800217c        0x0
                0x0800217c                . = ALIGN (0x4)
 *(.ARM.extab* .gnu.linkonce.armextab.*)
                0x0800217c                . = ALIGN (0x4)

.ARM            0x0800217c        0x0
                0x0800217c                . = ALIGN (0x4)
                0x0800217c                __exidx_start = .
 *(.ARM.exidx*)
                0x0800217c                __exidx_end = .
                0x0800217c                . = ALIGN (0x4)

.preinit_array  0x0800217c        0x0
                0x0800217c                . = ALIGN (0x4)
                0x0800217c                PROVIDE (__preinit_array_start = .)
 *(.preinit_array*)
                0x0800217c                PROVIDE (__preinit_array_end = .)
                0x0800217c                . = ALIGN (0x4)

.init_array     0x0800217c        0x8
                0x0800217c                . = ALIGN (0x4)
                0x0800217c                PROVIDE (__init_array_start = .)
 *(SORT_BY_NAME(.init_array.*))
 .init_array.00000
                0x0800217c        0x4 c:/users/whitolf/.iotlink/tools/gcc-arm-none-eabi/bin/../lib/gcc/arm-none-eabi/9.2.1/../../../../arm-none-eabi/lib/thumb/v7-m/nofp\libg.a(lib_a-__call_atexit.o)
 *(.init_array*)
 .init_array    0x08002180        0x4 c:/users/whitolf/.iotlink/tools/gcc-arm-none-eabi/bin/../lib/gcc/arm-none-eabi/9.2.1/thumb/v7-m/nofp/crtbegin.o
                0x08002184                PROVIDE (__init_array_end = .)
                0x08002184                . = ALIGN (0x4)

.fini_array     0x08002184        0x4
                0x08002184                . = ALIGN (0x4)
                0x08002184                PROVIDE (__fini_array_start = .)
 *(SORT_BY_NAME(.fini_array.*))
 *(.fini_array*)
 .fini_array    0x08002184        0x4 c:/users/whitolf/.iotlink/tools/gcc-arm-none-eabi/bin/../lib/gcc/arm-none-eabi/9.2.1/thumb/v7-m/nofp/crtbegin.o
                0x08002188                PROVIDE (__fini_array_end = .)
                0x08002188                . = ALIGN (0x4)
                0x08002188                _sidata = LOADADDR (.data)

.data           0x20000000      0x43c load address 0x08002188
                0x20000000                . = ALIGN (0x4)
                0x20000000                _sdata = .
 *(.data)
 *(.data*)
 .data.SystemCoreClock
                0x20000000        0x4 CMakeFiles/oled_ll.elf.dir/Core/Src/system_stm32f1xx.c.obj
                0x20000000                SystemCoreClock
 .data._SelectedBuffer
                0x20000004        0x1 CMakeFiles/oled_ll.elf.dir/Core/User/oledlib/oled_buffer.c.obj
 .data._Draw    0x20000005        0x1 CMakeFiles/oled_ll.elf.dir/Core/User/oledlib/oled_color.c.obj
 .data.uwTickFreq
                0x20000006        0x1 CMakeFiles/oled_ll.elf.dir/Drivers/STM32F1xx_HAL_Driver/Src/stm32f1xx_hal.c.obj
                0x20000006                uwTickFreq
 *fill*         0x20000007        0x1 
 .data.uwTickPrio
                0x20000008        0x4 CMakeFiles/oled_ll.elf.dir/Drivers/STM32F1xx_HAL_Driver/Src/stm32f1xx_hal.c.obj
                0x20000008                uwTickPrio
 *fill*         0x2000000c        0x4 
 .data.impure_data
                0x20000010      0x428 c:/users/whitolf/.iotlink/tools/gcc-arm-none-eabi/bin/../lib/gcc/arm-none-eabi/9.2.1/../../../../arm-none-eabi/lib/thumb/v7-m/nofp\libg.a(lib_a-impure.o)
 .data.__atexit_recursive_mutex
                0x20000438        0x4 c:/users/whitolf/.iotlink/tools/gcc-arm-none-eabi/bin/../lib/gcc/arm-none-eabi/9.2.1/../../../../arm-none-eabi/lib/thumb/v7-m/nofp\libg.a(lib_a-__call_atexit.o)
                0x20000438                __atexit_recursive_mutex
                0x2000043c                . = ALIGN (0x4)
                0x2000043c                _edata = .

.igot.plt       0x2000043c        0x0 load address 0x080025c4
 .igot.plt      0x2000043c        0x0 c:/users/whitolf/.iotlink/tools/gcc-arm-none-eabi/bin/../lib/gcc/arm-none-eabi/9.2.1/thumb/v7-m/nofp/crtbegin.o
                0x2000043c                . = ALIGN (0x4)

.bss            0x2000043c      0xd64 load address 0x080025c4
                0x2000043c                _sbss = .
                0x2000043c                __bss_start__ = _sbss
 *(.bss)
 .bss           0x2000043c       0x1c c:/users/whitolf/.iotlink/tools/gcc-arm-none-eabi/bin/../lib/gcc/arm-none-eabi/9.2.1/thumb/v7-m/nofp/crtbegin.o
 *(.bss*)
 .bss.hspi1     0x20000458       0x58 CMakeFiles/oled_ll.elf.dir/Core/Src/spi.c.obj
                0x20000458                hspi1
 .bss.hdma_usart1_rx
                0x200004b0       0x44 CMakeFiles/oled_ll.elf.dir/Core/Src/usart.c.obj
                0x200004b0                hdma_usart1_rx
 .bss.hdma_usart1_tx
                0x200004f4       0x44 CMakeFiles/oled_ll.elf.dir/Core/Src/usart.c.obj
                0x200004f4                hdma_usart1_tx
 .bss.huart1    0x20000538       0x40 CMakeFiles/oled_ll.elf.dir/Core/Src/usart.c.obj
                0x20000538                huart1
 .bss.rx_buff   0x20000578      0x400 CMakeFiles/oled_ll.elf.dir/Core/User/example/test.c.obj
                0x20000578                rx_buff
 .bss.ScreenBuffer
                0x20000978      0x400 CMakeFiles/oled_ll.elf.dir/Core/User/oledlib/oled_buffer.c.obj
                0x20000978                ScreenBuffer
 .bss.TempBuffer
                0x20000d78      0x400 CMakeFiles/oled_ll.elf.dir/Core/User/oledlib/oled_buffer.c.obj
                0x20000d78                TempBuffer
 .bss.uwTick    0x20001178        0x4 CMakeFiles/oled_ll.elf.dir/Drivers/STM32F1xx_HAL_Driver/Src/stm32f1xx_hal.c.obj
                0x20001178                uwTick
 *(COMMON)
 COMMON         0x2000117c       0x21 c:/users/whitolf/.iotlink/tools/gcc-arm-none-eabi/bin/../lib/gcc/arm-none-eabi/9.2.1/../../../../arm-none-eabi/lib/thumb/v7-m/nofp\libg.a(lib_a-lock.o)
                0x2000117c                __lock___atexit_recursive_mutex
                0x20001180                __lock___arc4random_mutex
                0x20001184                __lock___env_recursive_mutex
                0x20001188                __lock___sinit_recursive_mutex
                0x2000118c                __lock___malloc_recursive_mutex
                0x20001190                __lock___at_quick_exit_mutex
                0x20001194                __lock___dd_hash_mutex
                0x20001198                __lock___tz_mutex
                0x2000119c                __lock___sfp_recursive_mutex
                0x200011a0                . = ALIGN (0x4)
 *fill*         0x2000119d        0x3 
                0x200011a0                _ebss = .
                0x200011a0                __bss_end__ = _ebss

._user_heap_stack
                0x200011a0      0x600 load address 0x080025c4
                0x200011a0                . = ALIGN (0x8)
                [!provide]                PROVIDE (end = .)
                0x200011a0                PROVIDE (_end = .)
                0x200013a0                . = (. + _Min_Heap_Size)
 *fill*         0x200011a0      0x200 
                0x200017a0                . = (. + _Min_Stack_Size)
 *fill*         0x200013a0      0x400 
                0x200017a0                . = ALIGN (0x8)

/DISCARD/
 libc.a(*)
 libm.a(*)
 libgcc.a(*)

.ARM.attributes
                0x00000000       0x29
 *(.ARM.attributes)
 .ARM.attributes
                0x00000000       0x1d c:/users/whitolf/.iotlink/tools/gcc-arm-none-eabi/bin/../lib/gcc/arm-none-eabi/9.2.1/thumb/v7-m/nofp/crti.o
 .ARM.attributes
                0x0000001d       0x2d c:/users/whitolf/.iotlink/tools/gcc-arm-none-eabi/bin/../lib/gcc/arm-none-eabi/9.2.1/thumb/v7-m/nofp/crtbegin.o
 .ARM.attributes
                0x0000004a       0x2d CMakeFiles/oled_ll.elf.dir/Core/Src/dma.c.obj
 .ARM.attributes
                0x00000077       0x2d CMakeFiles/oled_ll.elf.dir/Core/Src/gpio.c.obj
 .ARM.attributes
                0x000000a4       0x2d CMakeFiles/oled_ll.elf.dir/Core/Src/main.c.obj
 .ARM.attributes
                0x000000d1       0x2d CMakeFiles/oled_ll.elf.dir/Core/Src/spi.c.obj
 .ARM.attributes
                0x000000fe       0x2d CMakeFiles/oled_ll.elf.dir/Core/Src/stm32f1xx_hal_msp.c.obj
 .ARM.attributes
                0x0000012b       0x2d CMakeFiles/oled_ll.elf.dir/Core/Src/stm32f1xx_it.c.obj
 .ARM.attributes
                0x00000158       0x2d CMakeFiles/oled_ll.elf.dir/Core/Src/system_stm32f1xx.c.obj
 .ARM.attributes
                0x00000185       0x2d CMakeFiles/oled_ll.elf.dir/Core/Src/usart.c.obj
 .ARM.attributes
                0x000001b2       0x21 CMakeFiles/oled_ll.elf.dir/Core/Startup/startup_stm32f103c8tx.s.obj
 .ARM.attributes
                0x000001d3       0x2d CMakeFiles/oled_ll.elf.dir/Core/User/example/test.c.obj
 .ARM.attributes
                0x00000200       0x2d CMakeFiles/oled_ll.elf.dir/Core/User/oledlib/oled_basic.c.obj
 .ARM.attributes
                0x0000022d       0x2d CMakeFiles/oled_ll.elf.dir/Core/User/oledlib/oled_buffer.c.obj
 .ARM.attributes
                0x0000025a       0x2d CMakeFiles/oled_ll.elf.dir/Core/User/oledlib/oled_color.c.obj
 .ARM.attributes
                0x00000287       0x2d CMakeFiles/oled_ll.elf.dir/Core/User/oledlib/oled_config.c.obj
 .ARM.attributes
                0x000002b4       0x2d CMakeFiles/oled_ll.elf.dir/Core/User/oledlib/oled_draw.c.obj
 .ARM.attributes
                0x000002e1       0x2d CMakeFiles/oled_ll.elf.dir/Core/User/oledlib/oled_driver.c.obj
 .ARM.attributes
                0x0000030e       0x2d CMakeFiles/oled_ll.elf.dir/Drivers/STM32F1xx_HAL_Driver/Src/stm32f1xx_hal.c.obj
 .ARM.attributes
                0x0000033b       0x2d CMakeFiles/oled_ll.elf.dir/Drivers/STM32F1xx_HAL_Driver/Src/stm32f1xx_hal_cortex.c.obj
 .ARM.attributes
                0x00000368       0x2d CMakeFiles/oled_ll.elf.dir/Drivers/STM32F1xx_HAL_Driver/Src/stm32f1xx_hal_dma.c.obj
 .ARM.attributes
                0x00000395       0x2d CMakeFiles/oled_ll.elf.dir/Drivers/STM32F1xx_HAL_Driver/Src/stm32f1xx_hal_gpio.c.obj
 .ARM.attributes
                0x000003c2       0x2d CMakeFiles/oled_ll.elf.dir/Drivers/STM32F1xx_HAL_Driver/Src/stm32f1xx_hal_rcc.c.obj
 .ARM.attributes
                0x000003ef       0x2d CMakeFiles/oled_ll.elf.dir/Drivers/STM32F1xx_HAL_Driver/Src/stm32f1xx_hal_spi.c.obj
 .ARM.attributes
                0x0000041c       0x2d CMakeFiles/oled_ll.elf.dir/Drivers/STM32F1xx_HAL_Driver/Src/stm32f1xx_hal_uart.c.obj
 .ARM.attributes
                0x00000449       0x2d c:/users/whitolf/.iotlink/tools/gcc-arm-none-eabi/bin/../lib/gcc/arm-none-eabi/9.2.1/../../../../arm-none-eabi/lib/thumb/v7-m/nofp\libg.a(lib_a-impure.o)
 .ARM.attributes
                0x00000476       0x2d c:/users/whitolf/.iotlink/tools/gcc-arm-none-eabi/bin/../lib/gcc/arm-none-eabi/9.2.1/../../../../arm-none-eabi/lib/thumb/v7-m/nofp\libg.a(lib_a-init.o)
 .ARM.attributes
                0x000004a3       0x2d c:/users/whitolf/.iotlink/tools/gcc-arm-none-eabi/bin/../lib/gcc/arm-none-eabi/9.2.1/../../../../arm-none-eabi/lib/thumb/v7-m/nofp\libg.a(lib_a-memset.o)
 .ARM.attributes
                0x000004d0       0x2d c:/users/whitolf/.iotlink/tools/gcc-arm-none-eabi/bin/../lib/gcc/arm-none-eabi/9.2.1/../../../../arm-none-eabi/lib/thumb/v7-m/nofp\libg.a(lib_a-__call_atexit.o)
 .ARM.attributes
                0x000004fd       0x2d c:/users/whitolf/.iotlink/tools/gcc-arm-none-eabi/bin/../lib/gcc/arm-none-eabi/9.2.1/../../../../arm-none-eabi/lib/thumb/v7-m/nofp\libg.a(lib_a-atexit.o)
 .ARM.attributes
                0x0000052a       0x2d c:/users/whitolf/.iotlink/tools/gcc-arm-none-eabi/bin/../lib/gcc/arm-none-eabi/9.2.1/../../../../arm-none-eabi/lib/thumb/v7-m/nofp\libg.a(lib_a-fini.o)
 .ARM.attributes
                0x00000557       0x2d c:/users/whitolf/.iotlink/tools/gcc-arm-none-eabi/bin/../lib/gcc/arm-none-eabi/9.2.1/../../../../arm-none-eabi/lib/thumb/v7-m/nofp\libg.a(lib_a-lock.o)
 .ARM.attributes
                0x00000584       0x2d c:/users/whitolf/.iotlink/tools/gcc-arm-none-eabi/bin/../lib/gcc/arm-none-eabi/9.2.1/../../../../arm-none-eabi/lib/thumb/v7-m/nofp\libg.a(lib_a-__atexit.o)
 .ARM.attributes
                0x000005b1       0x1d c:/users/whitolf/.iotlink/tools/gcc-arm-none-eabi/bin/../lib/gcc/arm-none-eabi/9.2.1/thumb/v7-m/nofp/crtn.o
OUTPUT(oled_ll.elf elf32-littlearm)

.debug_info     0x00000000    0x133f1
 .debug_info    0x00000000      0x410 CMakeFiles/oled_ll.elf.dir/Core/Src/dma.c.obj
 .debug_info    0x00000410      0x41b CMakeFiles/oled_ll.elf.dir/Core/Src/gpio.c.obj
 .debug_info    0x0000082b     0x1441 CMakeFiles/oled_ll.elf.dir/Core/Src/main.c.obj
 .debug_info    0x00001c6c      0x942 CMakeFiles/oled_ll.elf.dir/Core/Src/spi.c.obj
 .debug_info    0x000025ae      0x2fd CMakeFiles/oled_ll.elf.dir/Core/Src/stm32f1xx_hal_msp.c.obj
 .debug_info    0x000028ab      0x739 CMakeFiles/oled_ll.elf.dir/Core/Src/stm32f1xx_it.c.obj
 .debug_info    0x00002fe4      0x2c9 CMakeFiles/oled_ll.elf.dir/Core/Src/system_stm32f1xx.c.obj
 .debug_info    0x000032ad      0xb26 CMakeFiles/oled_ll.elf.dir/Core/Src/usart.c.obj
 .debug_info    0x00003dd3       0x22 CMakeFiles/oled_ll.elf.dir/Core/Startup/startup_stm32f103c8tx.s.obj
 .debug_info    0x00003df5     0x247a CMakeFiles/oled_ll.elf.dir/Core/User/example/test.c.obj
 .debug_info    0x0000626f     0x171e CMakeFiles/oled_ll.elf.dir/Core/User/oledlib/oled_basic.c.obj
 .debug_info    0x0000798d      0xc20 CMakeFiles/oled_ll.elf.dir/Core/User/oledlib/oled_buffer.c.obj
 .debug_info    0x000085ad       0xea CMakeFiles/oled_ll.elf.dir/Core/User/oledlib/oled_color.c.obj
 .debug_info    0x00008697      0x736 CMakeFiles/oled_ll.elf.dir/Core/User/oledlib/oled_config.c.obj
 .debug_info    0x00008dcd     0x2f6b CMakeFiles/oled_ll.elf.dir/Core/User/oledlib/oled_draw.c.obj
 .debug_info    0x0000bd38      0xdca CMakeFiles/oled_ll.elf.dir/Core/User/oledlib/oled_driver.c.obj
 .debug_info    0x0000cb02      0x831 CMakeFiles/oled_ll.elf.dir/Drivers/STM32F1xx_HAL_Driver/Src/stm32f1xx_hal.c.obj
 .debug_info    0x0000d333      0xe46 CMakeFiles/oled_ll.elf.dir/Drivers/STM32F1xx_HAL_Driver/Src/stm32f1xx_hal_cortex.c.obj
 .debug_info    0x0000e179      0x932 CMakeFiles/oled_ll.elf.dir/Drivers/STM32F1xx_HAL_Driver/Src/stm32f1xx_hal_dma.c.obj
 .debug_info    0x0000eaab      0x75b CMakeFiles/oled_ll.elf.dir/Drivers/STM32F1xx_HAL_Driver/Src/stm32f1xx_hal_gpio.c.obj
 .debug_info    0x0000f206      0xaab CMakeFiles/oled_ll.elf.dir/Drivers/STM32F1xx_HAL_Driver/Src/stm32f1xx_hal_rcc.c.obj
 .debug_info    0x0000fcb1     0x1e27 CMakeFiles/oled_ll.elf.dir/Drivers/STM32F1xx_HAL_Driver/Src/stm32f1xx_hal_spi.c.obj
 .debug_info    0x00011ad8     0x1919 CMakeFiles/oled_ll.elf.dir/Drivers/STM32F1xx_HAL_Driver/Src/stm32f1xx_hal_uart.c.obj

.debug_abbrev   0x00000000     0x3288
 .debug_abbrev  0x00000000      0x153 CMakeFiles/oled_ll.elf.dir/Core/Src/dma.c.obj
 .debug_abbrev  0x00000153      0x17b CMakeFiles/oled_ll.elf.dir/Core/Src/gpio.c.obj
 .debug_abbrev  0x000002ce      0x2bc CMakeFiles/oled_ll.elf.dir/Core/Src/main.c.obj
 .debug_abbrev  0x0000058a      0x1ed CMakeFiles/oled_ll.elf.dir/Core/Src/spi.c.obj
 .debug_abbrev  0x00000777      0x12e CMakeFiles/oled_ll.elf.dir/Core/Src/stm32f1xx_hal_msp.c.obj
 .debug_abbrev  0x000008a5      0x180 CMakeFiles/oled_ll.elf.dir/Core/Src/stm32f1xx_it.c.obj
 .debug_abbrev  0x00000a25      0x151 CMakeFiles/oled_ll.elf.dir/Core/Src/system_stm32f1xx.c.obj
 .debug_abbrev  0x00000b76      0x209 CMakeFiles/oled_ll.elf.dir/Core/Src/usart.c.obj
 .debug_abbrev  0x00000d7f       0x12 CMakeFiles/oled_ll.elf.dir/Core/Startup/startup_stm32f103c8tx.s.obj
 .debug_abbrev  0x00000d91      0x3db CMakeFiles/oled_ll.elf.dir/Core/User/example/test.c.obj
 .debug_abbrev  0x0000116c      0x3fe CMakeFiles/oled_ll.elf.dir/Core/User/oledlib/oled_basic.c.obj
 .debug_abbrev  0x0000156a      0x303 CMakeFiles/oled_ll.elf.dir/Core/User/oledlib/oled_buffer.c.obj
 .debug_abbrev  0x0000186d       0xbe CMakeFiles/oled_ll.elf.dir/Core/User/oledlib/oled_color.c.obj
 .debug_abbrev  0x0000192b      0x1a4 CMakeFiles/oled_ll.elf.dir/Core/User/oledlib/oled_config.c.obj
 .debug_abbrev  0x00001acf      0x41d CMakeFiles/oled_ll.elf.dir/Core/User/oledlib/oled_draw.c.obj
 .debug_abbrev  0x00001eec      0x220 CMakeFiles/oled_ll.elf.dir/Core/User/oledlib/oled_driver.c.obj
 .debug_abbrev  0x0000210c      0x219 CMakeFiles/oled_ll.elf.dir/Drivers/STM32F1xx_HAL_Driver/Src/stm32f1xx_hal.c.obj
 .debug_abbrev  0x00002325      0x367 CMakeFiles/oled_ll.elf.dir/Drivers/STM32F1xx_HAL_Driver/Src/stm32f1xx_hal_cortex.c.obj
 .debug_abbrev  0x0000268c      0x262 CMakeFiles/oled_ll.elf.dir/Drivers/STM32F1xx_HAL_Driver/Src/stm32f1xx_hal_dma.c.obj
 .debug_abbrev  0x000028ee      0x213 CMakeFiles/oled_ll.elf.dir/Drivers/STM32F1xx_HAL_Driver/Src/stm32f1xx_hal_gpio.c.obj
 .debug_abbrev  0x00002b01      0x28d CMakeFiles/oled_ll.elf.dir/Drivers/STM32F1xx_HAL_Driver/Src/stm32f1xx_hal_rcc.c.obj
 .debug_abbrev  0x00002d8e      0x267 CMakeFiles/oled_ll.elf.dir/Drivers/STM32F1xx_HAL_Driver/Src/stm32f1xx_hal_spi.c.obj
 .debug_abbrev  0x00002ff5      0x293 CMakeFiles/oled_ll.elf.dir/Drivers/STM32F1xx_HAL_Driver/Src/stm32f1xx_hal_uart.c.obj

.debug_aranges  0x00000000      0xbf8
 .debug_aranges
                0x00000000       0x20 CMakeFiles/oled_ll.elf.dir/Core/Src/dma.c.obj
 .debug_aranges
                0x00000020       0x20 CMakeFiles/oled_ll.elf.dir/Core/Src/gpio.c.obj
 .debug_aranges
                0x00000040       0x38 CMakeFiles/oled_ll.elf.dir/Core/Src/main.c.obj
 .debug_aranges
                0x00000078       0x30 CMakeFiles/oled_ll.elf.dir/Core/Src/spi.c.obj
 .debug_aranges
                0x000000a8       0x20 CMakeFiles/oled_ll.elf.dir/Core/Src/stm32f1xx_hal_msp.c.obj
 .debug_aranges
                0x000000c8       0x78 CMakeFiles/oled_ll.elf.dir/Core/Src/stm32f1xx_it.c.obj
 .debug_aranges
                0x00000140       0x28 CMakeFiles/oled_ll.elf.dir/Core/Src/system_stm32f1xx.c.obj
 .debug_aranges
                0x00000168       0x30 CMakeFiles/oled_ll.elf.dir/Core/Src/usart.c.obj
 .debug_aranges
                0x00000198       0x28 CMakeFiles/oled_ll.elf.dir/Core/Startup/startup_stm32f103c8tx.s.obj
 .debug_aranges
                0x000001c0       0x58 CMakeFiles/oled_ll.elf.dir/Core/User/example/test.c.obj
 .debug_aranges
                0x00000218       0xd0 CMakeFiles/oled_ll.elf.dir/Core/User/oledlib/oled_basic.c.obj
 .debug_aranges
                0x000002e8       0x70 CMakeFiles/oled_ll.elf.dir/Core/User/oledlib/oled_buffer.c.obj
 .debug_aranges
                0x00000358       0x38 CMakeFiles/oled_ll.elf.dir/Core/User/oledlib/oled_color.c.obj
 .debug_aranges
                0x00000390       0x38 CMakeFiles/oled_ll.elf.dir/Core/User/oledlib/oled_config.c.obj
 .debug_aranges
                0x000003c8      0x128 CMakeFiles/oled_ll.elf.dir/Core/User/oledlib/oled_draw.c.obj
 .debug_aranges
                0x000004f0       0x90 CMakeFiles/oled_ll.elf.dir/Core/User/oledlib/oled_driver.c.obj
 .debug_aranges
                0x00000580       0xe0 CMakeFiles/oled_ll.elf.dir/Drivers/STM32F1xx_HAL_Driver/Src/stm32f1xx_hal.c.obj
 .debug_aranges
                0x00000660       0x90 CMakeFiles/oled_ll.elf.dir/Drivers/STM32F1xx_HAL_Driver/Src/stm32f1xx_hal_cortex.c.obj
 .debug_aranges
                0x000006f0       0x80 CMakeFiles/oled_ll.elf.dir/Drivers/STM32F1xx_HAL_Driver/Src/stm32f1xx_hal_dma.c.obj
 .debug_aranges
                0x00000770       0x58 CMakeFiles/oled_ll.elf.dir/Drivers/STM32F1xx_HAL_Driver/Src/stm32f1xx_hal_gpio.c.obj
 .debug_aranges
                0x000007c8       0x90 CMakeFiles/oled_ll.elf.dir/Drivers/STM32F1xx_HAL_Driver/Src/stm32f1xx_hal_rcc.c.obj
 .debug_aranges
                0x00000858      0x1d0 CMakeFiles/oled_ll.elf.dir/Drivers/STM32F1xx_HAL_Driver/Src/stm32f1xx_hal_spi.c.obj
 .debug_aranges
                0x00000a28      0x1d0 CMakeFiles/oled_ll.elf.dir/Drivers/STM32F1xx_HAL_Driver/Src/stm32f1xx_hal_uart.c.obj

.debug_ranges   0x00000000      0xb58
 .debug_ranges  0x00000000       0x10 CMakeFiles/oled_ll.elf.dir/Core/Src/dma.c.obj
 .debug_ranges  0x00000010       0x10 CMakeFiles/oled_ll.elf.dir/Core/Src/gpio.c.obj
 .debug_ranges  0x00000020       0x28 CMakeFiles/oled_ll.elf.dir/Core/Src/main.c.obj
 .debug_ranges  0x00000048       0x20 CMakeFiles/oled_ll.elf.dir/Core/Src/spi.c.obj
 .debug_ranges  0x00000068       0x10 CMakeFiles/oled_ll.elf.dir/Core/Src/stm32f1xx_hal_msp.c.obj
 .debug_ranges  0x00000078       0x68 CMakeFiles/oled_ll.elf.dir/Core/Src/stm32f1xx_it.c.obj
 .debug_ranges  0x000000e0       0x18 CMakeFiles/oled_ll.elf.dir/Core/Src/system_stm32f1xx.c.obj
 .debug_ranges  0x000000f8       0x20 CMakeFiles/oled_ll.elf.dir/Core/Src/usart.c.obj
 .debug_ranges  0x00000118       0x20 CMakeFiles/oled_ll.elf.dir/Core/Startup/startup_stm32f103c8tx.s.obj
 .debug_ranges  0x00000138       0x48 CMakeFiles/oled_ll.elf.dir/Core/User/example/test.c.obj
 .debug_ranges  0x00000180       0xc0 CMakeFiles/oled_ll.elf.dir/Core/User/oledlib/oled_basic.c.obj
 .debug_ranges  0x00000240       0x60 CMakeFiles/oled_ll.elf.dir/Core/User/oledlib/oled_buffer.c.obj
 .debug_ranges  0x000002a0       0x28 CMakeFiles/oled_ll.elf.dir/Core/User/oledlib/oled_color.c.obj
 .debug_ranges  0x000002c8       0x28 CMakeFiles/oled_ll.elf.dir/Core/User/oledlib/oled_config.c.obj
 .debug_ranges  0x000002f0      0x160 CMakeFiles/oled_ll.elf.dir/Core/User/oledlib/oled_draw.c.obj
 .debug_ranges  0x00000450       0x80 CMakeFiles/oled_ll.elf.dir/Core/User/oledlib/oled_driver.c.obj
 .debug_ranges  0x000004d0       0xd0 CMakeFiles/oled_ll.elf.dir/Drivers/STM32F1xx_HAL_Driver/Src/stm32f1xx_hal.c.obj
 .debug_ranges  0x000005a0       0xe0 CMakeFiles/oled_ll.elf.dir/Drivers/STM32F1xx_HAL_Driver/Src/stm32f1xx_hal_cortex.c.obj
 .debug_ranges  0x00000680       0x70 CMakeFiles/oled_ll.elf.dir/Drivers/STM32F1xx_HAL_Driver/Src/stm32f1xx_hal_dma.c.obj
 .debug_ranges  0x000006f0       0x48 CMakeFiles/oled_ll.elf.dir/Drivers/STM32F1xx_HAL_Driver/Src/stm32f1xx_hal_gpio.c.obj
 .debug_ranges  0x00000738       0xa0 CMakeFiles/oled_ll.elf.dir/Drivers/STM32F1xx_HAL_Driver/Src/stm32f1xx_hal_rcc.c.obj
 .debug_ranges  0x000007d8      0x1c0 CMakeFiles/oled_ll.elf.dir/Drivers/STM32F1xx_HAL_Driver/Src/stm32f1xx_hal_spi.c.obj
 .debug_ranges  0x00000998      0x1c0 CMakeFiles/oled_ll.elf.dir/Drivers/STM32F1xx_HAL_Driver/Src/stm32f1xx_hal_uart.c.obj

.debug_line     0x00000000     0xbc37
 .debug_line    0x00000000      0x224 CMakeFiles/oled_ll.elf.dir/Core/Src/dma.c.obj
 .debug_line    0x00000224      0x277 CMakeFiles/oled_ll.elf.dir/Core/Src/gpio.c.obj
 .debug_line    0x0000049b      0x4b7 CMakeFiles/oled_ll.elf.dir/Core/Src/main.c.obj
 .debug_line    0x00000952      0x3a2 CMakeFiles/oled_ll.elf.dir/Core/Src/spi.c.obj
 .debug_line    0x00000cf4      0x221 CMakeFiles/oled_ll.elf.dir/Core/Src/stm32f1xx_hal_msp.c.obj
 .debug_line    0x00000f15      0x37c CMakeFiles/oled_ll.elf.dir/Core/Src/stm32f1xx_it.c.obj
 .debug_line    0x00001291      0x2d4 CMakeFiles/oled_ll.elf.dir/Core/Src/system_stm32f1xx.c.obj
 .debug_line    0x00001565      0x44a CMakeFiles/oled_ll.elf.dir/Core/Src/usart.c.obj
 .debug_line    0x000019af       0x96 CMakeFiles/oled_ll.elf.dir/Core/Startup/startup_stm32f103c8tx.s.obj
 .debug_line    0x00001a45      0xcd6 CMakeFiles/oled_ll.elf.dir/Core/User/example/test.c.obj
 .debug_line    0x0000271b      0x842 CMakeFiles/oled_ll.elf.dir/Core/User/oledlib/oled_basic.c.obj
 .debug_line    0x00002f5d      0x488 CMakeFiles/oled_ll.elf.dir/Core/User/oledlib/oled_buffer.c.obj
 .debug_line    0x000033e5       0xca CMakeFiles/oled_ll.elf.dir/Core/User/oledlib/oled_color.c.obj
 .debug_line    0x000034af      0x2e6 CMakeFiles/oled_ll.elf.dir/Core/User/oledlib/oled_config.c.obj
 .debug_line    0x00003795     0x14f5 CMakeFiles/oled_ll.elf.dir/Core/User/oledlib/oled_draw.c.obj
 .debug_line    0x00004c8a      0x50a CMakeFiles/oled_ll.elf.dir/Core/User/oledlib/oled_driver.c.obj
 .debug_line    0x00005194      0x564 CMakeFiles/oled_ll.elf.dir/Drivers/STM32F1xx_HAL_Driver/Src/stm32f1xx_hal.c.obj
 .debug_line    0x000056f8      0x6ba CMakeFiles/oled_ll.elf.dir/Drivers/STM32F1xx_HAL_Driver/Src/stm32f1xx_hal_cortex.c.obj
 .debug_line    0x00005db2      0xad9 CMakeFiles/oled_ll.elf.dir/Drivers/STM32F1xx_HAL_Driver/Src/stm32f1xx_hal_dma.c.obj
 .debug_line    0x0000688b      0x666 CMakeFiles/oled_ll.elf.dir/Drivers/STM32F1xx_HAL_Driver/Src/stm32f1xx_hal_gpio.c.obj
 .debug_line    0x00006ef1      0xc81 CMakeFiles/oled_ll.elf.dir/Drivers/STM32F1xx_HAL_Driver/Src/stm32f1xx_hal_rcc.c.obj
 .debug_line    0x00007b72     0x249f CMakeFiles/oled_ll.elf.dir/Drivers/STM32F1xx_HAL_Driver/Src/stm32f1xx_hal_spi.c.obj
 .debug_line    0x0000a011     0x1c26 CMakeFiles/oled_ll.elf.dir/Drivers/STM32F1xx_HAL_Driver/Src/stm32f1xx_hal_uart.c.obj

.debug_str      0x00000000     0x3434
 .debug_str     0x00000000      0x5b0 CMakeFiles/oled_ll.elf.dir/Core/Src/dma.c.obj
                                0x602 (size before relaxing)
 .debug_str     0x000005b0       0xbc CMakeFiles/oled_ll.elf.dir/Core/Src/gpio.c.obj
                                0x39f (size before relaxing)
 .debug_str     0x0000066c      0xac8 CMakeFiles/oled_ll.elf.dir/Core/Src/main.c.obj
                                0xe04 (size before relaxing)
 .debug_str     0x00001134       0x6d CMakeFiles/oled_ll.elf.dir/Core/Src/spi.c.obj
                                0x79b (size before relaxing)
 .debug_str     0x000011a1       0x6c CMakeFiles/oled_ll.elf.dir/Core/Src/stm32f1xx_hal_msp.c.obj
                                0x341 (size before relaxing)
 .debug_str     0x0000120d      0x152 CMakeFiles/oled_ll.elf.dir/Core/Src/stm32f1xx_it.c.obj
                                0x783 (size before relaxing)
 .debug_str     0x0000135f       0x64 CMakeFiles/oled_ll.elf.dir/Core/Src/system_stm32f1xx.c.obj
                                0x338 (size before relaxing)
 .debug_str     0x000013c3       0x93 CMakeFiles/oled_ll.elf.dir/Core/Src/usart.c.obj
                                0xace (size before relaxing)
 .debug_str     0x00001456       0x48 CMakeFiles/oled_ll.elf.dir/Core/Startup/startup_stm32f103c8tx.s.obj
                                 0x6f (size before relaxing)
 .debug_str     0x0000149e      0x293 CMakeFiles/oled_ll.elf.dir/Core/User/example/test.c.obj
                                0xeb0 (size before relaxing)
 .debug_str     0x00001731      0x1eb CMakeFiles/oled_ll.elf.dir/Core/User/oledlib/oled_basic.c.obj
                                0x85e (size before relaxing)
 .debug_str     0x0000191c      0x107 CMakeFiles/oled_ll.elf.dir/Core/User/oledlib/oled_buffer.c.obj
                                0x73a (size before relaxing)
 .debug_str     0x00001a23       0x58 CMakeFiles/oled_ll.elf.dir/Core/User/oledlib/oled_color.c.obj
                                0x1b4 (size before relaxing)
 .debug_str     0x00001a7b       0x7b CMakeFiles/oled_ll.elf.dir/Core/User/oledlib/oled_config.c.obj
                                0x718 (size before relaxing)
 .debug_str     0x00001af6      0x2d8 CMakeFiles/oled_ll.elf.dir/Core/User/oledlib/oled_draw.c.obj
                                0xad4 (size before relaxing)
 .debug_str     0x00001dce       0xd6 CMakeFiles/oled_ll.elf.dir/Core/User/oledlib/oled_driver.c.obj
                                0x7a7 (size before relaxing)
 .debug_str     0x00001ea4      0x28b CMakeFiles/oled_ll.elf.dir/Drivers/STM32F1xx_HAL_Driver/Src/stm32f1xx_hal.c.obj
                                0x8b5 (size before relaxing)
 .debug_str     0x0000212f      0x3a6 CMakeFiles/oled_ll.elf.dir/Drivers/STM32F1xx_HAL_Driver/Src/stm32f1xx_hal_cortex.c.obj
                                0x9d1 (size before relaxing)
 .debug_str     0x000024d5      0x222 CMakeFiles/oled_ll.elf.dir/Drivers/STM32F1xx_HAL_Driver/Src/stm32f1xx_hal_dma.c.obj
                                0x71f (size before relaxing)
 .debug_str     0x000026f7      0x127 CMakeFiles/oled_ll.elf.dir/Drivers/STM32F1xx_HAL_Driver/Src/stm32f1xx_hal_gpio.c.obj
                                0x522 (size before relaxing)
 .debug_str     0x0000281e      0x206 CMakeFiles/oled_ll.elf.dir/Drivers/STM32F1xx_HAL_Driver/Src/stm32f1xx_hal_rcc.c.obj
                                0x704 (size before relaxing)
 .debug_str     0x00002a24      0x529 CMakeFiles/oled_ll.elf.dir/Drivers/STM32F1xx_HAL_Driver/Src/stm32f1xx_hal_spi.c.obj
                                0xc60 (size before relaxing)
 .debug_str     0x00002f4d      0x4e7 CMakeFiles/oled_ll.elf.dir/Drivers/STM32F1xx_HAL_Driver/Src/stm32f1xx_hal_uart.c.obj
                                0xcb2 (size before relaxing)

.comment        0x00000000       0x79
 .comment       0x00000000       0x79 CMakeFiles/oled_ll.elf.dir/Core/Src/dma.c.obj
                                 0x7a (size before relaxing)
 .comment       0x00000079       0x7a CMakeFiles/oled_ll.elf.dir/Core/Src/gpio.c.obj
 .comment       0x00000079       0x7a CMakeFiles/oled_ll.elf.dir/Core/Src/main.c.obj
 .comment       0x00000079       0x7a CMakeFiles/oled_ll.elf.dir/Core/Src/spi.c.obj
 .comment       0x00000079       0x7a CMakeFiles/oled_ll.elf.dir/Core/Src/stm32f1xx_hal_msp.c.obj
 .comment       0x00000079       0x7a CMakeFiles/oled_ll.elf.dir/Core/Src/stm32f1xx_it.c.obj
 .comment       0x00000079       0x7a CMakeFiles/oled_ll.elf.dir/Core/Src/system_stm32f1xx.c.obj
 .comment       0x00000079       0x7a CMakeFiles/oled_ll.elf.dir/Core/Src/usart.c.obj
 .comment       0x00000079       0x7a CMakeFiles/oled_ll.elf.dir/Core/User/example/test.c.obj
 .comment       0x00000079       0x7a CMakeFiles/oled_ll.elf.dir/Core/User/oledlib/oled_basic.c.obj
 .comment       0x00000079       0x7a CMakeFiles/oled_ll.elf.dir/Core/User/oledlib/oled_buffer.c.obj
 .comment       0x00000079       0x7a CMakeFiles/oled_ll.elf.dir/Core/User/oledlib/oled_color.c.obj
 .comment       0x00000079       0x7a CMakeFiles/oled_ll.elf.dir/Core/User/oledlib/oled_config.c.obj
 .comment       0x00000079       0x7a CMakeFiles/oled_ll.elf.dir/Core/User/oledlib/oled_draw.c.obj
 .comment       0x00000079       0x7a CMakeFiles/oled_ll.elf.dir/Core/User/oledlib/oled_driver.c.obj
 .comment       0x00000079       0x7a CMakeFiles/oled_ll.elf.dir/Drivers/STM32F1xx_HAL_Driver/Src/stm32f1xx_hal.c.obj
 .comment       0x00000079       0x7a CMakeFiles/oled_ll.elf.dir/Drivers/STM32F1xx_HAL_Driver/Src/stm32f1xx_hal_cortex.c.obj
 .comment       0x00000079       0x7a CMakeFiles/oled_ll.elf.dir/Drivers/STM32F1xx_HAL_Driver/Src/stm32f1xx_hal_dma.c.obj
 .comment       0x00000079       0x7a CMakeFiles/oled_ll.elf.dir/Drivers/STM32F1xx_HAL_Driver/Src/stm32f1xx_hal_gpio.c.obj
 .comment       0x00000079       0x7a CMakeFiles/oled_ll.elf.dir/Drivers/STM32F1xx_HAL_Driver/Src/stm32f1xx_hal_rcc.c.obj
 .comment       0x00000079       0x7a CMakeFiles/oled_ll.elf.dir/Drivers/STM32F1xx_HAL_Driver/Src/stm32f1xx_hal_spi.c.obj
 .comment       0x00000079       0x7a CMakeFiles/oled_ll.elf.dir/Drivers/STM32F1xx_HAL_Driver/Src/stm32f1xx_hal_uart.c.obj

.debug_frame    0x00000000     0x2188
 .debug_frame   0x00000000       0x2c CMakeFiles/oled_ll.elf.dir/Core/Src/dma.c.obj
 .debug_frame   0x0000002c       0x34 CMakeFiles/oled_ll.elf.dir/Core/Src/gpio.c.obj
 .debug_frame   0x00000060       0x70 CMakeFiles/oled_ll.elf.dir/Core/Src/main.c.obj
 .debug_frame   0x000000d0       0x60 CMakeFiles/oled_ll.elf.dir/Core/Src/spi.c.obj
 .debug_frame   0x00000130       0x28 CMakeFiles/oled_ll.elf.dir/Core/Src/stm32f1xx_hal_msp.c.obj
 .debug_frame   0x00000158       0xf0 CMakeFiles/oled_ll.elf.dir/Core/Src/stm32f1xx_it.c.obj
 .debug_frame   0x00000248       0x30 CMakeFiles/oled_ll.elf.dir/Core/Src/system_stm32f1xx.c.obj
 .debug_frame   0x00000278       0x64 CMakeFiles/oled_ll.elf.dir/Core/Src/usart.c.obj
 .debug_frame   0x000002dc      0x118 CMakeFiles/oled_ll.elf.dir/Core/User/example/test.c.obj
 .debug_frame   0x000003f4      0x290 CMakeFiles/oled_ll.elf.dir/Core/User/oledlib/oled_basic.c.obj
 .debug_frame   0x00000684       0xf4 CMakeFiles/oled_ll.elf.dir/Core/User/oledlib/oled_buffer.c.obj
 .debug_frame   0x00000778       0x50 CMakeFiles/oled_ll.elf.dir/Core/User/oledlib/oled_color.c.obj
 .debug_frame   0x000007c8       0x68 CMakeFiles/oled_ll.elf.dir/Core/User/oledlib/oled_config.c.obj
 .debug_frame   0x00000830      0x49c CMakeFiles/oled_ll.elf.dir/Core/User/oledlib/oled_draw.c.obj
 .debug_frame   0x00000ccc      0x184 CMakeFiles/oled_ll.elf.dir/Core/User/oledlib/oled_driver.c.obj
 .debug_frame   0x00000e50      0x1cc CMakeFiles/oled_ll.elf.dir/Drivers/STM32F1xx_HAL_Driver/Src/stm32f1xx_hal.c.obj
 .debug_frame   0x0000101c      0x12c CMakeFiles/oled_ll.elf.dir/Drivers/STM32F1xx_HAL_Driver/Src/stm32f1xx_hal_cortex.c.obj
 .debug_frame   0x00001148      0x148 CMakeFiles/oled_ll.elf.dir/Drivers/STM32F1xx_HAL_Driver/Src/stm32f1xx_hal_dma.c.obj
 .debug_frame   0x00001290       0xe8 CMakeFiles/oled_ll.elf.dir/Drivers/STM32F1xx_HAL_Driver/Src/stm32f1xx_hal_gpio.c.obj
 .debug_frame   0x00001378      0x190 CMakeFiles/oled_ll.elf.dir/Drivers/STM32F1xx_HAL_Driver/Src/stm32f1xx_hal_rcc.c.obj
 .debug_frame   0x00001508      0x5a0 CMakeFiles/oled_ll.elf.dir/Drivers/STM32F1xx_HAL_Driver/Src/stm32f1xx_hal_spi.c.obj
 .debug_frame   0x00001aa8      0x4e8 CMakeFiles/oled_ll.elf.dir/Drivers/STM32F1xx_HAL_Driver/Src/stm32f1xx_hal_uart.c.obj
 .debug_frame   0x00001f90       0x2c c:/users/whitolf/.iotlink/tools/gcc-arm-none-eabi/bin/../lib/gcc/arm-none-eabi/9.2.1/../../../../arm-none-eabi/lib/thumb/v7-m/nofp\libg.a(lib_a-init.o)
 .debug_frame   0x00001fbc       0x38 c:/users/whitolf/.iotlink/tools/gcc-arm-none-eabi/bin/../lib/gcc/arm-none-eabi/9.2.1/../../../../arm-none-eabi/lib/thumb/v7-m/nofp\libg.a(lib_a-memset.o)
 .debug_frame   0x00001ff4       0x5c c:/users/whitolf/.iotlink/tools/gcc-arm-none-eabi/bin/../lib/gcc/arm-none-eabi/9.2.1/../../../../arm-none-eabi/lib/thumb/v7-m/nofp\libg.a(lib_a-__call_atexit.o)
 .debug_frame   0x00002050       0x20 c:/users/whitolf/.iotlink/tools/gcc-arm-none-eabi/bin/../lib/gcc/arm-none-eabi/9.2.1/../../../../arm-none-eabi/lib/thumb/v7-m/nofp\libg.a(lib_a-atexit.o)
 .debug_frame   0x00002070       0x34 c:/users/whitolf/.iotlink/tools/gcc-arm-none-eabi/bin/../lib/gcc/arm-none-eabi/9.2.1/../../../../arm-none-eabi/lib/thumb/v7-m/nofp\libg.a(lib_a-fini.o)
 .debug_frame   0x000020a4       0xb0 c:/users/whitolf/.iotlink/tools/gcc-arm-none-eabi/bin/../lib/gcc/arm-none-eabi/9.2.1/../../../../arm-none-eabi/lib/thumb/v7-m/nofp\libg.a(lib_a-lock.o)
 .debug_frame   0x00002154       0x34 c:/users/whitolf/.iotlink/tools/gcc-arm-none-eabi/bin/../lib/gcc/arm-none-eabi/9.2.1/../../../../arm-none-eabi/lib/thumb/v7-m/nofp\libg.a(lib_a-__atexit.o)

.debug_loc      0x00000000     0x8c4e
 .debug_loc     0x00000000       0x25 CMakeFiles/oled_ll.elf.dir/Core/Src/main.c.obj
 .debug_loc     0x00000025       0x84 CMakeFiles/oled_ll.elf.dir/Core/Src/spi.c.obj
 .debug_loc     0x000000a9       0x15 CMakeFiles/oled_ll.elf.dir/Core/Src/stm32f1xx_hal_msp.c.obj
 .debug_loc     0x000000be       0xff CMakeFiles/oled_ll.elf.dir/Core/Src/system_stm32f1xx.c.obj
 .debug_loc     0x000001bd       0x71 CMakeFiles/oled_ll.elf.dir/Core/Src/usart.c.obj
 .debug_loc     0x0000022e      0x363 CMakeFiles/oled_ll.elf.dir/Core/User/example/test.c.obj
 .debug_loc     0x00000591      0xbf5 CMakeFiles/oled_ll.elf.dir/Core/User/oledlib/oled_basic.c.obj
 .debug_loc     0x00001186      0x360 CMakeFiles/oled_ll.elf.dir/Core/User/oledlib/oled_buffer.c.obj
 .debug_loc     0x000014e6     0x2486 CMakeFiles/oled_ll.elf.dir/Core/User/oledlib/oled_draw.c.obj
 .debug_loc     0x0000396c      0x1aa CMakeFiles/oled_ll.elf.dir/Core/User/oledlib/oled_driver.c.obj
 .debug_loc     0x00003b16      0x141 CMakeFiles/oled_ll.elf.dir/Drivers/STM32F1xx_HAL_Driver/Src/stm32f1xx_hal.c.obj
 .debug_loc     0x00003c57      0x71f CMakeFiles/oled_ll.elf.dir/Drivers/STM32F1xx_HAL_Driver/Src/stm32f1xx_hal_cortex.c.obj
 .debug_loc     0x00004376      0x7d1 CMakeFiles/oled_ll.elf.dir/Drivers/STM32F1xx_HAL_Driver/Src/stm32f1xx_hal_dma.c.obj
 .debug_loc     0x00004b47      0x468 CMakeFiles/oled_ll.elf.dir/Drivers/STM32F1xx_HAL_Driver/Src/stm32f1xx_hal_gpio.c.obj
 .debug_loc     0x00004faf      0x610 CMakeFiles/oled_ll.elf.dir/Drivers/STM32F1xx_HAL_Driver/Src/stm32f1xx_hal_rcc.c.obj
 .debug_loc     0x000055bf     0x1d3e CMakeFiles/oled_ll.elf.dir/Drivers/STM32F1xx_HAL_Driver/Src/stm32f1xx_hal_spi.c.obj
 .debug_loc     0x000072fd     0x1951 CMakeFiles/oled_ll.elf.dir/Drivers/STM32F1xx_HAL_Driver/Src/stm32f1xx_hal_uart.c.obj
